// Jest Snapshot v1, https://goo.gl/fbAQLP

exports[`fetchLukeSkywalker returns correct information about Luke Skywalker 1`] = `undefined`;
